Application bundle generation failed. [6.041 seconds] - 2026-04-05T02:01:39.921Z

node.exe : [1m[31m[31mX 
[41;31m[[41;97mERROR[41;
31m][0m [1mNG2008: Could 
not find stylesheet file 
'./app.component.css'.[0m 
[1m[35m[plugin 
angular-compiler][0m
En C:\Program 
Files\nodejs\npx.ps1: 29 
Carácter: 3
+   & $NODE_EXE 
$NPX_CLI_JS $args
+   ~~~~~~~~~~~~~~~~~~~~~~~
~~~~~~
    + CategoryInfo         
     : NotSpecified: ([1  
  m[31m[31mX...r-compi   
 ler][0m:String) [], R    
emoteException
    + FullyQualifiedErrorI 
   d : NativeCommandError
 

    src/app/app.component.t
s:11:12:
[37m      11 Ôöé   
styleUrl: [32m'./app.compo
nent.css'[37m
         ÔòÁ             [
32m~~~~~~~~~~~~~~~~~~~~~[0
m


[31mX [41;31m[[41;97mERR
OR[41;31m][0m 
[1mTS1127: Invalid 
character.[0m 
[1m[35m[plugin 
angular-compiler][0m

    src/app/core/models/aut
h.model.ts:0:0:
[37m      0 Ôöé [32m[37m
        ÔòÁ [32m^[0m


[31mX [41;31m[[41;97mERR
OR[41;31m][0m 
[1mTS1005: ';' 
expected.[0m 
[1m[35m[plugin 
angular-compiler][0m

    src/app/core/models/aut
h.model.ts:1:2:
[37m      1 Ôöé # 
[32mModels[37m for Auth
        ÔòÁ   
[32m~~~~~~[0m


[31mX [41;31m[[41;97mERR
OR[41;31m][0m 
[1mTS2304: Cannot find 
name 'Models'.[0m 
[1m[35m[plugin 
angular-compiler][0m

    src/app/core/models/aut
h.model.ts:1:2:
[37m      1 Ôöé # 
[32mModels[37m for Auth
        ÔòÁ   
[32m~~~~~~[0m


[31mX [41;31m[[41;97mERR
OR[41;31m][0m 
[1mTS1005: '(' 
expected.[0m 
[1m[35m[plugin 
angular-compiler][0m

    src/app/core/models/aut
h.model.ts:1:13:
[37m      1 Ôöé # Models 
for [32mAuth[37m
        ÔòÁ              
[32m~~~~[0m


[31mX [41;31m[[41;97mERR
OR[41;31m][0m 
[1mTS2304: Cannot find 
name 'Auth'.[0m 
[1m[35m[plugin 
angular-compiler][0m

    src/app/core/models/aut
h.model.ts:1:13:
[37m      1 Ôöé # Models 
for [32mAuth[37m
        ÔòÁ              
[32m~~~~[0m


[31mX [41;31m[[41;97mERR
OR[41;31m][0m 
[1mTS1127: Invalid 
character.[0m 
[1m[35m[plugin 
angular-compiler][0m

    src/app/core/models/aut
h.model.ts:3:0:
[37m      3 Ôöé 
[32m#[37m## [NEW] 
`auth.model.ts`
        ÔòÁ [32m^[0m


[31mX [41;31m[[41;97mERR
OR[41;31m][0m 
[1mTS1127: Invalid 
character.[0m 
[1m[35m[plugin 
angular-compiler][0m

    src/app/core/models/aut
h.model.ts:3:1:
[37m      3 Ôöé 
#[32m#[37m# [NEW] 
`auth.model.ts`
        ÔòÁ  [32m^[0m


[31mX [41;31m[[41;97mERR
OR[41;31m][0m 
[1mTS1127: Invalid 
character.[0m 
[1m[35m[plugin 
angular-compiler][0m

    src/app/core/models/aut
h.model.ts:3:2:
[37m      3 Ôöé 
##[32m#[37m [NEW] 
`auth.model.ts`
        ÔòÁ   [32m^[0m


[31mX [41;31m[[41;97mERR
OR[41;31m][0m 
[1mTS2304: Cannot find 
name 'NEW'.[0m 
[1m[35m[plugin 
angular-compiler][0m

    src/app/core/models/aut
h.model.ts:3:5:
[37m      3 Ôöé ### 
[[32mNEW[37m] 
`auth.model.ts`
        ÔòÁ      
[32m~~~[0m


[31mX [41;31m[[41;97mERR
OR[41;31m][0m 
[1mTS1127: Invalid 
character.[0m 
[1m[35m[plugin 
angular-compiler][0m

    src/app/core/models/aut
h.model.ts:54:0:
[37m      54 Ôöé 
[32m#[37m## [NEW] 
`storage.service.ts`
         ÔòÁ [32m^[0m


[31mX [41;31m[[41;97mERR
OR[41;31m][0m 
[1mTS1127: Invalid 
character.[0m 
[1m[35m[plugin 
angular-compiler][0m

    src/app/core/models/aut
h.model.ts:54:1:
[37m      54 Ôöé 
#[32m#[37m# [NEW] 
`storage.service.ts`
         ÔòÁ  [32m^[0m


[31mX [41;31m[[41;97mERR
OR[41;31m][0m 
[1mTS1127: Invalid 
character.[0m 
[1m[35m[plugin 
angular-compiler][0m

    src/app/core/models/aut
h.model.ts:54:2:
[37m      54 Ôöé 
##[32m#[37m [NEW] 
`storage.service.ts`
         ÔòÁ   [32m^[0m


[31mX [41;31m[[41;97mERR
OR[41;31m][0m 
[1mTS2304: Cannot find 
name 'NEW'.[0m 
[1m[35m[plugin 
angular-compiler][0m

    src/app/core/models/aut
h.model.ts:54:5:
[37m      54 Ôöé ### 
[[32mNEW[37m] 
`storage.service.ts`
         ÔòÁ      
[32m~~~[0m


[31mX [41;31m[[41;97mERR
OR[41;31m][0m 
[1mTS2306: File 'C:/Users/
brian/OneDrive/Desktop/Plan
tillas N8N/Panel administra
tivo/src/app/core/models/au
th.model.ts' is not a 
module.[0m 
[1m[35m[plugin 
angular-compiler][0m

    src/app/core/services/a
uth.service.ts:14:7:
[37m      14 Ôöé } from [
32m'../models/auth.model'[
37m;
         ÔòÁ        [32m~~
~~~~~~~~~~~~~~~~~~~~[0m


[31mX [41;31m[[41;97mERR
OR[41;31m][0m 
[1mTS2307: Cannot find 
module '../interfaces/metri
ca.interface' or its 
corresponding type 
declarations.[0m 
[1m[35m[plugin 
angular-compiler][0m

    src/app/core/services/d
ashboard.service.ts:6:25:
[37m      6 Ôöé import { 
IMetrica } from [32m'../in
terfaces/metrica.interface'
[37m;
        ÔòÁ                
          [32m~~~~~~~~~~~~
~~~~~~~~~~~~~~~~~~~~~[0m


[31mX [41;31m[[41;97mERR
OR[41;31m][0m 
[1mTS2307: Cannot find 
module '../interfaces/terce
ro.interface' or its 
corresponding type 
declarations.[0m 
[1m[35m[plugin 
angular-compiler][0m

    src/app/core/services/d
ashboard.service.ts:7:25:
[37m      7 Ôöé import { 
ITercero } from [32m'../in
terfaces/tercero.interface'
[37m;
        ÔòÁ                
          [32m~~~~~~~~~~~~
~~~~~~~~~~~~~~~~~~~~~[0m


[31mX [41;31m[[41;97mERR
OR[41;31m][0m 
[1mTS2307: Cannot find 
module '../interfaces/conta
cto.interface' or its 
corresponding type 
declarations.[0m 
[1m[35m[plugin 
angular-compiler][0m

    src/app/core/services/d
ashboard.service.ts:8:64:
[37m      8 Ôöé ...toDto, 
IActualizarBotDto } from [
32m'../interfaces/contacto.
interface'[37m;
        ÔòÁ                
                    [32m~~
~~~~~~~~~~~~~~~~~~~~~~~~~~~
~~~~~[0m


[31mX [41;31m[[41;97mERR
OR[41;31m][0m 
[1mTS2306: File 'C:/Users/
brian/OneDrive/Desktop/Plan
tillas N8N/Panel administra
tivo/src/app/core/models/au
th.model.ts' is not a 
module.[0m 
[1m[35m[plugin 
angular-compiler][0m

    src/app/core/services/s
torage.service.ts:2:28:
[37m      2 Ôöé import { 
SessionData } from [32m'..
/models/auth.model'[37m;
        ÔòÁ                
             [32m~~~~~~~~~
~~~~~~~~~~~~~[0m


[31mX [41;31m[[41;97mERR
OR[41;31m][0m 
[1mTS2307: Cannot find 
module '../../../core/servi
ces/dashboard.service' or 
its corresponding type 
declarations.[0m 
[1m[35m[plugin 
angular-compiler][0m

    src/app/features/dashbo
ard/components/contactos/co
ntactos.component.ts:3:33:
[37m      3 Ôöé 
...DashboardService } from 
[32m'../../../core/service
s/dashboard.service'[37m;
        ÔòÁ                
            [32m~~~~~~~~~~
~~~~~~~~~~~~~~~~~~~~~~~~~~~
~~~~~[0m


[31mX [41;31m[[41;97mERR
OR[41;31m][0m 
[1mTS2307: Cannot find 
module '../../../core/inter
faces/dashboard.interfaces'
 or its corresponding type 
declarations.[0m 
[1m[35m[plugin 
angular-compiler][0m

    src/app/features/dashbo
ard/components/contactos/co
ntactos.component.ts:4:45:
[37m      4 Ôöé 
...lizarBotDto } from [32m
'../../../core/interfaces/d
ashboard.interfaces'[37m;
        ÔòÁ                
       [32m~~~~~~~~~~~~~~~
~~~~~~~~~~~~~~~~~~~~~~~~~~~
~~~~~[0m


[31mX [41;31m[[41;97mERR
OR[41;31m][0m 
[1mTS2571: Object is of 
type 'unknown'.[0m 
[1m[35m[plugin 
angular-compiler][0m

    src/app/features/dashbo
ard/components/contactos/co
ntactos.component.ts:132:4:
[37m      132 Ôöé     [32
mthis.dashboardService[37m
.getContactos().subscribe(d
ata => {
          ÔòÁ     [32m~~~~
~~~~~~~~~~~~~~~~~[0m


[31mX [41;31m[[41;97mERR
OR[41;31m][0m 
[1mTS7006: Parameter 
'data' implicitly has an 
'any' type.[0m 
[1m[35m[plugin 
angular-compiler][0m

    src/app/features/dashbo
ard/components/contactos/co
ntactos.component.ts:132:51
:
[37m      132 Ôöé     this
.dashboardService.getContac
tos().subscribe([32mdata[
37m => {
          ÔòÁ              
                           
           [32m~~~~[0m


[31mX [41;31m[[41;97mERR
OR[41;31m][0m 
[1mTS2571: Object is of 
type 'unknown'.[0m 
[1m[35m[plugin 
angular-compiler][0m

    src/app/features/dashbo
ard/components/contactos/co
ntactos.component.ts:162:4:
[37m      162 Ôöé     [32
mthis.dashboardService[37m
.actualizarBot(payload).sub
scribe(() => {
          ÔòÁ     [32m~~~~
~~~~~~~~~~~~~~~~~[0m


[31mX [41;31m[[41;97mERR
OR[41;31m][0m 
[1mTS2307: Cannot find 
module '../../../core/servi
ces/dashboard.service' or 
its corresponding type 
declarations.[0m 
[1m[35m[plugin 
angular-compiler][0m

    src/app/features/dashbo
ard/components/metricas/met
ricas.component.ts:3:33:
[37m      3 Ôöé 
...DashboardService } from 
[32m'../../../core/service
s/dashboard.service'[37m;
        ÔòÁ                
            [32m~~~~~~~~~~
~~~~~~~~~~~~~~~~~~~~~~~~~~~
~~~~~[0m


[31mX [41;31m[[41;97mERR
OR[41;31m][0m 
[1mTS2307: Cannot find 
module '../../../core/inter
faces/dashboard.interfaces'
 or its corresponding type 
declarations.[0m 
[1m[35m[plugin 
angular-compiler][0m

    src/app/features/dashbo
ard/components/metricas/met
ricas.component.ts:4:25:
[37m      4 Ôöé ... { 
IMetrica } from [32m'../..
/../core/interfaces/dashboa
rd.interfaces'[37m;
        ÔòÁ                
       [32m~~~~~~~~~~~~~~~
~~~~~~~~~~~~~~~~~~~~~~~~~~~
~~~~~[0m


[31mX [41;31m[[41;97mERR
OR[41;31m][0m 
[1mTS2571: Object is of 
type 'unknown'.[0m 
[1m[35m[plugin 
angular-compiler][0m

    src/app/features/dashbo
ard/components/metricas/met
ricas.component.ts:116:4:
[37m      116 Ôöé     [32
mthis.dashboardService[37m
.getMetricas().subscribe(da
ta => {
          ÔòÁ     [32m~~~~
~~~~~~~~~~~~~~~~~[0m


[31mX [41;31m[[41;97mERR
OR[41;31m][0m 
[1mTS7006: Parameter 
'data' implicitly has an 
'any' type.[0m 
[1m[35m[plugin 
angular-compiler][0m

    src/app/features/dashbo
ard/components/metricas/met
ricas.component.ts:116:50:
[37m      116 Ôöé     this
.dashboardService.getMetric
as().subscribe([32mdata[3
7m => {
          ÔòÁ              
                           
          [32m~~~~[0m


[31mX [41;31m[[41;97mERR
OR[41;31m][0m 
[1mTS2307: Cannot find 
module '../../../core/servi
ces/dashboard.service' or 
its corresponding type 
declarations.[0m 
[1m[35m[plugin 
angular-compiler][0m

    src/app/features/dashbo
ard/components/terceros/ter
ceros.component.ts:3:33:
[37m      3 Ôöé 
...DashboardService } from 
[32m'../../../core/service
s/dashboard.service'[37m;
        ÔòÁ                
            [32m~~~~~~~~~~
~~~~~~~~~~~~~~~~~~~~~~~~~~~
~~~~~[0m


[31mX [41;31m[[41;97mERR
OR[41;31m][0m 
[1mTS2307: Cannot find 
module '../../../core/inter
faces/dashboard.interfaces'
 or its corresponding type 
declarations.[0m 
[1m[35m[plugin 
angular-compiler][0m

    src/app/features/dashbo
ard/components/terceros/ter
ceros.component.ts:4:44:
[37m      4 Ôöé 
...ContactoDto } from [32m
'../../../core/interfaces/d
ashboard.interfaces'[37m;
        ÔòÁ                
       [32m~~~~~~~~~~~~~~~
~~~~~~~~~~~~~~~~~~~~~~~~~~~
~~~~~[0m


[31mX [41;31m[[41;97mERR
OR[41;31m][0m 
[1mTS2304: Cannot find 
name 'effect'.[0m 
[1m[35m[plugin 
angular-compiler][0m

    src/app/features/dashbo
ard/components/terceros/ter
ceros.component.ts:206:4:
[37m      206 Ôöé     
[32meffect[37m(() => {
          ÔòÁ     
[32m~~~~~~[0m


[31mX [41;31m[[41;97mERR
OR[41;31m][0m 
[1mTS2571: Object is of 
type 'unknown'.[0m 
[1m[35m[plugin 
angular-compiler][0m

    src/app/features/dashbo
ard/components/terceros/ter
ceros.component.ts:223:4:
[37m      223 Ôöé     [32
mthis.dashboardService[37m
.getTerceros().subscribe(da
ta => this.te...
          ÔòÁ     [32m~~~~
~~~~~~~~~~~~~~~~~[0m


[31mX [41;31m[[41;97mERR
OR[41;31m][0m 
[1mTS7006: Parameter 
'data' implicitly has an 
'any' type.[0m 
[1m[35m[plugin 
angular-compiler][0m

    src/app/features/dashbo
ard/components/terceros/ter
ceros.component.ts:223:50:
[37m      223 Ôöé ...Servi
ce.getTerceros().subscribe(
[32mdata[37m => 
this.terceros.set(data));
          ÔòÁ              
                      
[32m~~~~[0m


[31mX [41;31m[[41;97mERR
OR[41;31m][0m 
[1mTS2571: Object is of 
type 'unknown'.[0m 
[1m[35m[plugin 
angular-compiler][0m

    src/app/features/dashbo
ard/components/terceros/ter
ceros.component.ts:228:4:
[37m      228 Ôöé     [32
mthis.dashboardService[37m
.sincronizarTerceros().subs
cribe({
          ÔòÁ     [32m~~~~
~~~~~~~~~~~~~~~~~[0m


[31mX [41;31m[[41;97mERR
OR[41;31m][0m 
[1mTS2571: Object is of 
type 'unknown'.[0m 
[1m[35m[plugin 
angular-compiler][0m

    src/app/features/dashbo
ard/components/terceros/ter
ceros.component.ts:261:4:
[37m      261 Ôöé     [32
mthis.dashboardService[37m
.crearContacto(payload).sub
scribe(() => {
          ÔòÁ     [32m~~~~
~~~~~~~~~~~~~~~~~[0m


[31mX [41;31m[[41;97mERR
OR[41;31m][0m 
[1mTS2307: Cannot find 
module '../../core/services
/auth.service' or its 
corresponding type 
declarations.[0m 
[1m[35m[plugin 
angular-compiler][0m

    src/app/shared/componen
ts/navbar/navbar.component.
ts:3:28:
[37m      3 Ôöé import { 
AuthService } from [32m'..
/../core/services/auth.serv
ice'[37m;
        ÔòÁ                
             [32m~~~~~~~~~
~~~~~~~~~~~~~~~~~~~~~~~~~[
0m


[31mX [41;31m[[41;97mERR
OR[41;31m][0m 
[1mTS2571: Object is of 
type 'unknown'.[0m 
[1m[35m[plugin 
angular-compiler][0m

    src/app/shared/componen
ts/navbar/navbar.component.
ts:20:49:
[37m      20 Ôöé          
 <span 
class="user-name">{{ authSe
rvice.[32muserName[37m() 
}}</span>
         ÔòÁ               
                           
        [32m~~~~~~~~[0m


[31mX [41;31m[[41;97mERR
OR[41;31m][0m 
[1mTS2571: Object is of 
type 'unknown'.[0m 
[1m[35m[plugin 
angular-compiler][0m

    src/app/shared/componen
ts/navbar/navbar.component.
ts:83:4:
[37m      83 Ôöé     [32m
this.authService[37m.logou
t();
         ÔòÁ     
[32m~~~~~~~~~~~~~~~~[0m


[31mX [41;31m[[41;97mERR
OR[41;31m][0m [1mCould 
not resolve "../../../core/
services/dashboard.service"
[0m

    src/app/features/dashbo
ard/components/contactos/co
ntactos.component.ts:3:33:
[37m      3 Ôöé 
...DashboardService } from 
[32m'../../../core/service
s/dashboard.service'[37m;
        ÔòÁ                
            [32m~~~~~~~~~~
~~~~~~~~~~~~~~~~~~~~~~~~~~~
~~~~~[0m


[31mX [41;31m[[41;97mERR
OR[41;31m][0m [1mCould 
not resolve "../../../core/
services/dashboard.service"
[0m

    src/app/features/dashbo
ard/components/metricas/met
ricas.component.ts:3:33:
[37m      3 Ôöé 
...DashboardService } from 
[32m'../../../core/service
s/dashboard.service'[37m;
        ÔòÁ                
            [32m~~~~~~~~~~
~~~~~~~~~~~~~~~~~~~~~~~~~~~
~~~~~[0m


[31mX [41;31m[[41;97mERR
OR[41;31m][0m [1mCould 
not resolve "../../../core/
services/dashboard.service"
[0m

    src/app/features/dashbo
ard/components/terceros/ter
ceros.component.ts:3:33:
[37m      3 Ôöé 
...DashboardService } from 
[32m'../../../core/service
s/dashboard.service'[37m;
        ÔòÁ                
            [32m~~~~~~~~~~
~~~~~~~~~~~~~~~~~~~~~~~~~~~
~~~~~[0m


[31mX [41;31m[[41;97mERR
OR[41;31m][0m [1mCould 
not resolve "../../core/ser
vices/auth.service"[0m

    src/app/shared/componen
ts/navbar/navbar.component.
ts:3:28:
[37m      3 Ôöé import { 
AuthService } from [32m'..
/../core/services/auth.serv
ice'[37m;
        ÔòÁ                
             [32m~~~~~~~~~
~~~~~~~~~~~~~~~~~~~~~~~~~[
0m

[39m[22m
